// Jest Snapshot v1, https://goo.gl/fbAQLP

exports[`renders a Root component 1`] = `
<div
  className="wrapper"
>
  <table>
    <tbody>
      <tr>
        <td>
          nothing
        </td>
      </tr>
    </tbody>
  </table>
</div>
`;
